// Jest Snapshot v1, https://goo.gl/fbAQLP

exports[`Index Snapshot 1`] = `
<div
  id="root"
>
  <div
    id="app"
  />
</div>
`;
